MPLINK 5.09, LINKER
Linker Map File - Created Thu Nov 28 08:04:38 2019

                                 Section Info
                  Section       Type    Address   Location Size(Bytes)
                ---------  ---------  ---------  ---------  ---------
                   .org_0       code   0x000000    program   0x000018
                   .cinit    romdata   0x00000c    program   0x000004
.config_2007_BUILD/DEFAULT/PRODUCTION/PROGRAM       code   0x002007    program   0x000002



                              Program Memory Usage 
                               Start         End      
                           ---------   ---------      
                            0x000000    0x00000d      
                            0x002007    0x002007      
            15 out of 8454 program addresses used, program memory utilization is 0%



                              Symbols - Sorted by Name
                     Name    Address   Location    Storage File                     
                ---------  ---------  ---------  --------- ---------                
                   APAGAR   0x00000a    program     static D:\Electronica\PIC16F877A - TUTORIAL\Pulsadores.X\Programa_principal.asm
                   INICIO   0x000000    program     static D:\Electronica\PIC16F877A - TUTORIAL\Pulsadores.X\Programa_principal.asm
                    START   0x000006    program     static D:\Electronica\PIC16F877A - TUTORIAL\Pulsadores.X\Programa_principal.asm



                              Symbols - Sorted by Address
                     Name    Address   Location    Storage File                     
                ---------  ---------  ---------  --------- ---------                
                   INICIO   0x000000    program     static D:\Electronica\PIC16F877A - TUTORIAL\Pulsadores.X\Programa_principal.asm
                    START   0x000006    program     static D:\Electronica\PIC16F877A - TUTORIAL\Pulsadores.X\Programa_principal.asm
                   APAGAR   0x00000a    program     static D:\Electronica\PIC16F877A - TUTORIAL\Pulsadores.X\Programa_principal.asm


