MPLINK 5.09, LINKER
Linker Map File - Created Mon Mar 30 17:19:00 2020

                                 Section Info
                  Section       Type    Address   Location Size(Bytes)
                ---------  ---------  ---------  ---------  ---------
                   .org_0       code   0x000000    program   0x000002
                   .cinit    romdata   0x000001    program   0x000004
                   .org_1       code   0x000004    program   0x000040
.config_2007_BUILD/DEFAULT/PRODUCTION/PROGRAM       code   0x002007    program   0x000002



                              Program Memory Usage 
                               Start         End      
                           ---------   ---------      
                            0x000000    0x000002      
                            0x000004    0x000023      
                            0x002007    0x002007      
            36 out of 8454 program addresses used, program memory utilization is 0%



                              Symbols - Sorted by Name
                     Name    Address   Location    Storage File                     
                ---------  ---------  ---------  --------- ---------                
                   INICIO   0x000005    program     static D:\Electronica\PIC16F877A - TUTORIAL\Timer1_Contador.X\Programa_principal.asm
                 INT_TMR1   0x00001d    program     static D:\Electronica\PIC16F877A - TUTORIAL\Timer1_Contador.X\Programa_principal.asm
                    START   0x00001a    program     static D:\Electronica\PIC16F877A - TUTORIAL\Timer1_Contador.X\Programa_principal.asm



                              Symbols - Sorted by Address
                     Name    Address   Location    Storage File                     
                ---------  ---------  ---------  --------- ---------                
                   INICIO   0x000005    program     static D:\Electronica\PIC16F877A - TUTORIAL\Timer1_Contador.X\Programa_principal.asm
                    START   0x00001a    program     static D:\Electronica\PIC16F877A - TUTORIAL\Timer1_Contador.X\Programa_principal.asm
                 INT_TMR1   0x00001d    program     static D:\Electronica\PIC16F877A - TUTORIAL\Timer1_Contador.X\Programa_principal.asm


