MPLINK 5.09, LINKER
Linker Map File - Created Sun Feb 02 16:33:13 2020

                                 Section Info
                  Section       Type    Address   Location Size(Bytes)
                ---------  ---------  ---------  ---------  ---------
                   .org_0       code   0x000000    program   0x0000cc
                   .cinit    romdata   0x000066    program   0x000004
.config_2007_BUILD/DEFAULT/PRODUCTION/PROGRAM       code   0x002007    program   0x000002



                              Program Memory Usage 
                               Start         End      
                           ---------   ---------      
                            0x000000    0x000067      
                            0x002007    0x002007      
            105 out of 8454 program addresses used, program memory utilization is 1%



                              Symbols - Sorted by Name
                     Name    Address   Location    Storage File                     
                ---------  ---------  ---------  --------- ---------                
                    BUCLE   0x00004f    program     static D:\Electronica\PIC16F877A - TUTORIAL\Display_7seg.X\Retardos.inc
              BUCLE_milis   0x00003c    program     static D:\Electronica\PIC16F877A - TUTORIAL\Display_7seg.X\Retardos.inc
                    Bucle   0x000061    program     static D:\Electronica\PIC16F877A - TUTORIAL\Display_7seg.X\Retardos.inc
                  DISPLAY   0x00000f    program     static D:\Electronica\PIC16F877A - TUTORIAL\Display_7seg.X\Programa_principal.asm
                   INICIO   0x000000    program     static D:\Electronica\PIC16F877A - TUTORIAL\Display_7seg.X\Programa_principal.asm
            Retardo_100us   0x000054    program     static D:\Electronica\PIC16F877A - TUTORIAL\Display_7seg.X\Retardos.inc
             Retardo_10us   0x00005b    program     static D:\Electronica\PIC16F877A - TUTORIAL\Display_7seg.X\Retardos.inc
              Retardo_1ms   0x000042    program     static D:\Electronica\PIC16F877A - TUTORIAL\Display_7seg.X\Retardos.inc
              Retardo_1us   0x000064    program     static D:\Electronica\PIC16F877A - TUTORIAL\Display_7seg.X\Retardos.inc
            Retardo_200us   0x000047    program     static D:\Electronica\PIC16F877A - TUTORIAL\Display_7seg.X\Retardos.inc
             Retardo_20ms   0x000035    program     static D:\Electronica\PIC16F877A - TUTORIAL\Display_7seg.X\Retardos.inc
             Retardo_20us   0x000059    program     static D:\Electronica\PIC16F877A - TUTORIAL\Display_7seg.X\Retardos.inc
            Retardo_300us   0x000049    program     static D:\Electronica\PIC16F877A - TUTORIAL\Display_7seg.X\Retardos.inc
            Retardo_400ms   0x000020    program     static D:\Electronica\PIC16F877A - TUTORIAL\Display_7seg.X\Retardos.inc
            Retardo_500us   0x00004b    program     static D:\Electronica\PIC16F877A - TUTORIAL\Display_7seg.X\Retardos.inc
             Retardo_50us   0x000057    program     static D:\Electronica\PIC16F877A - TUTORIAL\Display_7seg.X\Retardos.inc
              Retardo_5ms   0x000037    program     static D:\Electronica\PIC16F877A - TUTORIAL\Display_7seg.X\Retardos.inc
              Retardo_5us   0x00005e    program     static D:\Electronica\PIC16F877A - TUTORIAL\Display_7seg.X\Retardos.inc
           Retardo_Micros   0x00004d    program     static D:\Electronica\PIC16F877A - TUTORIAL\Display_7seg.X\Retardos.inc
            Retardo_Milis   0x00003a    program     static D:\Electronica\PIC16F877A - TUTORIAL\Display_7seg.X\Retardos.inc
           Retardo_micros   0x000060    program     static D:\Electronica\PIC16F877A - TUTORIAL\Display_7seg.X\Retardos.inc
                 Retardos   0x00004c    program     static D:\Electronica\PIC16F877A - TUTORIAL\Display_7seg.X\Retardos.inc
              Retardos_ms   0x000039    program     static D:\Electronica\PIC16F877A - TUTORIAL\Display_7seg.X\Retardos.inc
                    START   0x000006    program     static D:\Electronica\PIC16F877A - TUTORIAL\Display_7seg.X\Programa_principal.asm



                              Symbols - Sorted by Address
                     Name    Address   Location    Storage File                     
                ---------  ---------  ---------  --------- ---------                
                   INICIO   0x000000    program     static D:\Electronica\PIC16F877A - TUTORIAL\Display_7seg.X\Programa_principal.asm
                    START   0x000006    program     static D:\Electronica\PIC16F877A - TUTORIAL\Display_7seg.X\Programa_principal.asm
                  DISPLAY   0x00000f    program     static D:\Electronica\PIC16F877A - TUTORIAL\Display_7seg.X\Programa_principal.asm
            Retardo_400ms   0x000020    program     static D:\Electronica\PIC16F877A - TUTORIAL\Display_7seg.X\Retardos.inc
             Retardo_20ms   0x000035    program     static D:\Electronica\PIC16F877A - TUTORIAL\Display_7seg.X\Retardos.inc
              Retardo_5ms   0x000037    program     static D:\Electronica\PIC16F877A - TUTORIAL\Display_7seg.X\Retardos.inc
              Retardos_ms   0x000039    program     static D:\Electronica\PIC16F877A - TUTORIAL\Display_7seg.X\Retardos.inc
            Retardo_Milis   0x00003a    program     static D:\Electronica\PIC16F877A - TUTORIAL\Display_7seg.X\Retardos.inc
              BUCLE_milis   0x00003c    program     static D:\Electronica\PIC16F877A - TUTORIAL\Display_7seg.X\Retardos.inc
              Retardo_1ms   0x000042    program     static D:\Electronica\PIC16F877A - TUTORIAL\Display_7seg.X\Retardos.inc
            Retardo_200us   0x000047    program     static D:\Electronica\PIC16F877A - TUTORIAL\Display_7seg.X\Retardos.inc
            Retardo_300us   0x000049    program     static D:\Electronica\PIC16F877A - TUTORIAL\Display_7seg.X\Retardos.inc
            Retardo_500us   0x00004b    program     static D:\Electronica\PIC16F877A - TUTORIAL\Display_7seg.X\Retardos.inc
                 Retardos   0x00004c    program     static D:\Electronica\PIC16F877A - TUTORIAL\Display_7seg.X\Retardos.inc
           Retardo_Micros   0x00004d    program     static D:\Electronica\PIC16F877A - TUTORIAL\Display_7seg.X\Retardos.inc
                    BUCLE   0x00004f    program     static D:\Electronica\PIC16F877A - TUTORIAL\Display_7seg.X\Retardos.inc
            Retardo_100us   0x000054    program     static D:\Electronica\PIC16F877A - TUTORIAL\Display_7seg.X\Retardos.inc
             Retardo_50us   0x000057    program     static D:\Electronica\PIC16F877A - TUTORIAL\Display_7seg.X\Retardos.inc
             Retardo_20us   0x000059    program     static D:\Electronica\PIC16F877A - TUTORIAL\Display_7seg.X\Retardos.inc
             Retardo_10us   0x00005b    program     static D:\Electronica\PIC16F877A - TUTORIAL\Display_7seg.X\Retardos.inc
              Retardo_5us   0x00005e    program     static D:\Electronica\PIC16F877A - TUTORIAL\Display_7seg.X\Retardos.inc
           Retardo_micros   0x000060    program     static D:\Electronica\PIC16F877A - TUTORIAL\Display_7seg.X\Retardos.inc
                    Bucle   0x000061    program     static D:\Electronica\PIC16F877A - TUTORIAL\Display_7seg.X\Retardos.inc
              Retardo_1us   0x000064    program     static D:\Electronica\PIC16F877A - TUTORIAL\Display_7seg.X\Retardos.inc


