MPLINK 5.09, LINKER
Linker Map File - Created Tue Jun 23 17:42:57 2020

                                 Section Info
                  Section       Type    Address   Location Size(Bytes)
                ---------  ---------  ---------  ---------  ---------
                   .org_0       code   0x000000    program   0x0000e2
                   .cinit    romdata   0x000071    program   0x000004
.config_2007_BUILD/DEFAULT/DEBUG/PROGRAMA_PRI       code   0x002007    program   0x000002



                              Program Memory Usage 
                               Start         End      
                           ---------   ---------      
                            0x000000    0x000072      
                            0x002007    0x002007      
            116 out of 8454 program addresses used, program memory utilization is 1%



                              Symbols - Sorted by Name
                     Name    Address   Location    Storage File                     
                ---------  ---------  ---------  --------- ---------                
                    BUCLE   0x00005a    program     static D:\Electronica\PIC16F877A - TUTORIAL\PWM_ADC.X\Retardo.inc
              BUCLE_milis   0x000047    program     static D:\Electronica\PIC16F877A - TUTORIAL\PWM_ADC.X\Retardo.inc
                    Bucle   0x00006c    program     static D:\Electronica\PIC16F877A - TUTORIAL\PWM_ADC.X\Retardo.inc
                   INICIO   0x000001    program     static D:\Electronica\PIC16F877A - TUTORIAL\PWM_ADC.X\Programa_principal.asm
            Retardo_100us   0x00005f    program     static D:\Electronica\PIC16F877A - TUTORIAL\PWM_ADC.X\Retardo.inc
             Retardo_10us   0x000066    program     static D:\Electronica\PIC16F877A - TUTORIAL\PWM_ADC.X\Retardo.inc
              Retardo_1ms   0x00004d    program     static D:\Electronica\PIC16F877A - TUTORIAL\PWM_ADC.X\Retardo.inc
              Retardo_1us   0x00006f    program     static D:\Electronica\PIC16F877A - TUTORIAL\PWM_ADC.X\Retardo.inc
            Retardo_200us   0x000052    program     static D:\Electronica\PIC16F877A - TUTORIAL\PWM_ADC.X\Retardo.inc
             Retardo_20ms   0x000040    program     static D:\Electronica\PIC16F877A - TUTORIAL\PWM_ADC.X\Retardo.inc
             Retardo_20us   0x000064    program     static D:\Electronica\PIC16F877A - TUTORIAL\PWM_ADC.X\Retardo.inc
            Retardo_300us   0x000054    program     static D:\Electronica\PIC16F877A - TUTORIAL\PWM_ADC.X\Retardo.inc
            Retardo_400ms   0x00002b    program     static D:\Electronica\PIC16F877A - TUTORIAL\PWM_ADC.X\Retardo.inc
            Retardo_500us   0x000056    program     static D:\Electronica\PIC16F877A - TUTORIAL\PWM_ADC.X\Retardo.inc
             Retardo_50us   0x000062    program     static D:\Electronica\PIC16F877A - TUTORIAL\PWM_ADC.X\Retardo.inc
              Retardo_5ms   0x000042    program     static D:\Electronica\PIC16F877A - TUTORIAL\PWM_ADC.X\Retardo.inc
              Retardo_5us   0x000069    program     static D:\Electronica\PIC16F877A - TUTORIAL\PWM_ADC.X\Retardo.inc
           Retardo_Micros   0x000058    program     static D:\Electronica\PIC16F877A - TUTORIAL\PWM_ADC.X\Retardo.inc
            Retardo_Milis   0x000045    program     static D:\Electronica\PIC16F877A - TUTORIAL\PWM_ADC.X\Retardo.inc
           Retardo_micros   0x00006b    program     static D:\Electronica\PIC16F877A - TUTORIAL\PWM_ADC.X\Retardo.inc
                 Retardos   0x000057    program     static D:\Electronica\PIC16F877A - TUTORIAL\PWM_ADC.X\Retardo.inc
              Retardos_ms   0x000044    program     static D:\Electronica\PIC16F877A - TUTORIAL\PWM_ADC.X\Retardo.inc
                    START   0x00001f    program     static D:\Electronica\PIC16F877A - TUTORIAL\PWM_ADC.X\Programa_principal.asm



                              Symbols - Sorted by Address
                     Name    Address   Location    Storage File                     
                ---------  ---------  ---------  --------- ---------                
                   INICIO   0x000001    program     static D:\Electronica\PIC16F877A - TUTORIAL\PWM_ADC.X\Programa_principal.asm
                    START   0x00001f    program     static D:\Electronica\PIC16F877A - TUTORIAL\PWM_ADC.X\Programa_principal.asm
            Retardo_400ms   0x00002b    program     static D:\Electronica\PIC16F877A - TUTORIAL\PWM_ADC.X\Retardo.inc
             Retardo_20ms   0x000040    program     static D:\Electronica\PIC16F877A - TUTORIAL\PWM_ADC.X\Retardo.inc
              Retardo_5ms   0x000042    program     static D:\Electronica\PIC16F877A - TUTORIAL\PWM_ADC.X\Retardo.inc
              Retardos_ms   0x000044    program     static D:\Electronica\PIC16F877A - TUTORIAL\PWM_ADC.X\Retardo.inc
            Retardo_Milis   0x000045    program     static D:\Electronica\PIC16F877A - TUTORIAL\PWM_ADC.X\Retardo.inc
              BUCLE_milis   0x000047    program     static D:\Electronica\PIC16F877A - TUTORIAL\PWM_ADC.X\Retardo.inc
              Retardo_1ms   0x00004d    program     static D:\Electronica\PIC16F877A - TUTORIAL\PWM_ADC.X\Retardo.inc
            Retardo_200us   0x000052    program     static D:\Electronica\PIC16F877A - TUTORIAL\PWM_ADC.X\Retardo.inc
            Retardo_300us   0x000054    program     static D:\Electronica\PIC16F877A - TUTORIAL\PWM_ADC.X\Retardo.inc
            Retardo_500us   0x000056    program     static D:\Electronica\PIC16F877A - TUTORIAL\PWM_ADC.X\Retardo.inc
                 Retardos   0x000057    program     static D:\Electronica\PIC16F877A - TUTORIAL\PWM_ADC.X\Retardo.inc
           Retardo_Micros   0x000058    program     static D:\Electronica\PIC16F877A - TUTORIAL\PWM_ADC.X\Retardo.inc
                    BUCLE   0x00005a    program     static D:\Electronica\PIC16F877A - TUTORIAL\PWM_ADC.X\Retardo.inc
            Retardo_100us   0x00005f    program     static D:\Electronica\PIC16F877A - TUTORIAL\PWM_ADC.X\Retardo.inc
             Retardo_50us   0x000062    program     static D:\Electronica\PIC16F877A - TUTORIAL\PWM_ADC.X\Retardo.inc
             Retardo_20us   0x000064    program     static D:\Electronica\PIC16F877A - TUTORIAL\PWM_ADC.X\Retardo.inc
             Retardo_10us   0x000066    program     static D:\Electronica\PIC16F877A - TUTORIAL\PWM_ADC.X\Retardo.inc
              Retardo_5us   0x000069    program     static D:\Electronica\PIC16F877A - TUTORIAL\PWM_ADC.X\Retardo.inc
           Retardo_micros   0x00006b    program     static D:\Electronica\PIC16F877A - TUTORIAL\PWM_ADC.X\Retardo.inc
                    Bucle   0x00006c    program     static D:\Electronica\PIC16F877A - TUTORIAL\PWM_ADC.X\Retardo.inc
              Retardo_1us   0x00006f    program     static D:\Electronica\PIC16F877A - TUTORIAL\PWM_ADC.X\Retardo.inc


