MPLINK 5.09, LINKER
Linker Map File - Created Sat Jun 06 17:45:30 2020

                                 Section Info
                  Section       Type    Address   Location Size(Bytes)
                ---------  ---------  ---------  ---------  ---------
                   .org_0       code   0x000000    program   0x000002
                   .cinit    romdata   0x000001    program   0x000004
                   .org_1       code   0x000020    program   0x0000ce
.config_2007_BUILD/DEFAULT/PRODUCTION/PROGRAM       code   0x002007    program   0x000002



                              Program Memory Usage 
                               Start         End      
                           ---------   ---------      
                            0x000000    0x000002      
                            0x000020    0x000086      
                            0x002007    0x002007      
            107 out of 8454 program addresses used, program memory utilization is 1%



                              Symbols - Sorted by Name
                     Name    Address   Location    Storage File                     
                ---------  ---------  ---------  --------- ---------                
                    BUCLE   0x000082    program     static D:\Electronica\PIC16F877A - TUTORIAL\LCD_PIC16f.X\LCD_4bits.inc
                   ENABLE   0x00007a    program     static D:\Electronica\PIC16F877A - TUTORIAL\LCD_PIC16f.X\LCD_4bits.inc
                   INICIO   0x000020    program     static D:\Electronica\PIC16F877A - TUTORIAL\LCD_PIC16f.X\Programa_principal.asm
              LCD_2LINEAS   0x000056    program     static D:\Electronica\PIC16F877A - TUTORIAL\LCD_PIC16f.X\LCD_4bits.inc
               LCD_BORRAR   0x000052    program     static D:\Electronica\PIC16F877A - TUTORIAL\LCD_PIC16f.X\LCD_4bits.inc
             LCD_CARACTER   0x00005f    program     static D:\Electronica\PIC16F877A - TUTORIAL\LCD_PIC16f.X\LCD_4bits.inc
              LCD_COMANDO   0x000058    program     static D:\Electronica\PIC16F877A - TUTORIAL\LCD_PIC16f.X\LCD_4bits.inc
               LCD_CONFIG   0x000070    program     static D:\Electronica\PIC16F877A - TUTORIAL\LCD_PIC16f.X\LCD_4bits.inc
                LCD_DATOS   0x000066    program     static D:\Electronica\PIC16F877A - TUTORIAL\LCD_PIC16f.X\LCD_4bits.inc
              LCD_DISPLAY   0x000050    program     static D:\Electronica\PIC16F877A - TUTORIAL\LCD_PIC16f.X\LCD_4bits.inc
                 LCD_INCR   0x000054    program     static D:\Electronica\PIC16F877A - TUTORIAL\LCD_PIC16f.X\LCD_4bits.inc
                 LCD_INIT   0x000036    program     static D:\Electronica\PIC16F877A - TUTORIAL\LCD_PIC16f.X\LCD_4bits.inc
               LCD_LINEA1   0x00004e    program     static D:\Electronica\PIC16F877A - TUTORIAL\LCD_PIC16f.X\LCD_4bits.inc
               LCD_LINEA2   0x00004c    program     static D:\Electronica\PIC16F877A - TUTORIAL\LCD_PIC16f.X\LCD_4bits.inc
              Retardo_1ms   0x000080    program     static D:\Electronica\PIC16F877A - TUTORIAL\LCD_PIC16f.X\LCD_4bits.inc
                    START   0x000035    program     static D:\Electronica\PIC16F877A - TUTORIAL\LCD_PIC16f.X\Programa_principal.asm



                              Symbols - Sorted by Address
                     Name    Address   Location    Storage File                     
                ---------  ---------  ---------  --------- ---------                
                   INICIO   0x000020    program     static D:\Electronica\PIC16F877A - TUTORIAL\LCD_PIC16f.X\Programa_principal.asm
                    START   0x000035    program     static D:\Electronica\PIC16F877A - TUTORIAL\LCD_PIC16f.X\Programa_principal.asm
                 LCD_INIT   0x000036    program     static D:\Electronica\PIC16F877A - TUTORIAL\LCD_PIC16f.X\LCD_4bits.inc
               LCD_LINEA2   0x00004c    program     static D:\Electronica\PIC16F877A - TUTORIAL\LCD_PIC16f.X\LCD_4bits.inc
               LCD_LINEA1   0x00004e    program     static D:\Electronica\PIC16F877A - TUTORIAL\LCD_PIC16f.X\LCD_4bits.inc
              LCD_DISPLAY   0x000050    program     static D:\Electronica\PIC16F877A - TUTORIAL\LCD_PIC16f.X\LCD_4bits.inc
               LCD_BORRAR   0x000052    program     static D:\Electronica\PIC16F877A - TUTORIAL\LCD_PIC16f.X\LCD_4bits.inc
                 LCD_INCR   0x000054    program     static D:\Electronica\PIC16F877A - TUTORIAL\LCD_PIC16f.X\LCD_4bits.inc
              LCD_2LINEAS   0x000056    program     static D:\Electronica\PIC16F877A - TUTORIAL\LCD_PIC16f.X\LCD_4bits.inc
              LCD_COMANDO   0x000058    program     static D:\Electronica\PIC16F877A - TUTORIAL\LCD_PIC16f.X\LCD_4bits.inc
             LCD_CARACTER   0x00005f    program     static D:\Electronica\PIC16F877A - TUTORIAL\LCD_PIC16f.X\LCD_4bits.inc
                LCD_DATOS   0x000066    program     static D:\Electronica\PIC16F877A - TUTORIAL\LCD_PIC16f.X\LCD_4bits.inc
               LCD_CONFIG   0x000070    program     static D:\Electronica\PIC16F877A - TUTORIAL\LCD_PIC16f.X\LCD_4bits.inc
                   ENABLE   0x00007a    program     static D:\Electronica\PIC16F877A - TUTORIAL\LCD_PIC16f.X\LCD_4bits.inc
              Retardo_1ms   0x000080    program     static D:\Electronica\PIC16F877A - TUTORIAL\LCD_PIC16f.X\LCD_4bits.inc
                    BUCLE   0x000082    program     static D:\Electronica\PIC16F877A - TUTORIAL\LCD_PIC16f.X\LCD_4bits.inc


