MPLINK 5.09, LINKER
Linker Map File - Created Tue Apr 28 10:25:29 2020

                                 Section Info
                  Section       Type    Address   Location Size(Bytes)
                ---------  ---------  ---------  ---------  ---------
                   .org_0       code   0x000000    program   0x0000ce
                   .cinit    romdata   0x000067    program   0x000004
.config_2007_BUILD/DEFAULT/PRODUCTION/PROGRAM       code   0x002007    program   0x000002



                              Program Memory Usage 
                               Start         End      
                           ---------   ---------      
                            0x000000    0x000068      
                            0x002007    0x002007      
            106 out of 8454 program addresses used, program memory utilization is 1%



                              Symbols - Sorted by Name
                     Name    Address   Location    Storage File                     
                ---------  ---------  ---------  --------- ---------                
                      ADC   0x000013    program     static D:\Electronica\PIC16F877A - TUTORIAL\ADC.X\Programa_principal.asm
                    BUCLE   0x000050    program     static D:\Electronica\PIC16F877A - TUTORIAL\ADC.X\Retardo.inc
              BUCLE_milis   0x00003d    program     static D:\Electronica\PIC16F877A - TUTORIAL\ADC.X\Retardo.inc
                    Bucle   0x000062    program     static D:\Electronica\PIC16F877A - TUTORIAL\ADC.X\Retardo.inc
                   INICIO   0x000001    program     static D:\Electronica\PIC16F877A - TUTORIAL\ADC.X\Programa_principal.asm
            Retardo_100us   0x000055    program     static D:\Electronica\PIC16F877A - TUTORIAL\ADC.X\Retardo.inc
             Retardo_10us   0x00005c    program     static D:\Electronica\PIC16F877A - TUTORIAL\ADC.X\Retardo.inc
              Retardo_1ms   0x000043    program     static D:\Electronica\PIC16F877A - TUTORIAL\ADC.X\Retardo.inc
              Retardo_1us   0x000065    program     static D:\Electronica\PIC16F877A - TUTORIAL\ADC.X\Retardo.inc
            Retardo_200us   0x000048    program     static D:\Electronica\PIC16F877A - TUTORIAL\ADC.X\Retardo.inc
             Retardo_20ms   0x000036    program     static D:\Electronica\PIC16F877A - TUTORIAL\ADC.X\Retardo.inc
             Retardo_20us   0x00005a    program     static D:\Electronica\PIC16F877A - TUTORIAL\ADC.X\Retardo.inc
            Retardo_300us   0x00004a    program     static D:\Electronica\PIC16F877A - TUTORIAL\ADC.X\Retardo.inc
            Retardo_400ms   0x000021    program     static D:\Electronica\PIC16F877A - TUTORIAL\ADC.X\Retardo.inc
            Retardo_500us   0x00004c    program     static D:\Electronica\PIC16F877A - TUTORIAL\ADC.X\Retardo.inc
             Retardo_50us   0x000058    program     static D:\Electronica\PIC16F877A - TUTORIAL\ADC.X\Retardo.inc
              Retardo_5ms   0x000038    program     static D:\Electronica\PIC16F877A - TUTORIAL\ADC.X\Retardo.inc
              Retardo_5us   0x00005f    program     static D:\Electronica\PIC16F877A - TUTORIAL\ADC.X\Retardo.inc
           Retardo_Micros   0x00004e    program     static D:\Electronica\PIC16F877A - TUTORIAL\ADC.X\Retardo.inc
            Retardo_Milis   0x00003b    program     static D:\Electronica\PIC16F877A - TUTORIAL\ADC.X\Retardo.inc
           Retardo_micros   0x000061    program     static D:\Electronica\PIC16F877A - TUTORIAL\ADC.X\Retardo.inc
                 Retardos   0x00004d    program     static D:\Electronica\PIC16F877A - TUTORIAL\ADC.X\Retardo.inc
              Retardos_ms   0x00003a    program     static D:\Electronica\PIC16F877A - TUTORIAL\ADC.X\Retardo.inc
                    START   0x000012    program     static D:\Electronica\PIC16F877A - TUTORIAL\ADC.X\Programa_principal.asm



                              Symbols - Sorted by Address
                     Name    Address   Location    Storage File                     
                ---------  ---------  ---------  --------- ---------                
                   INICIO   0x000001    program     static D:\Electronica\PIC16F877A - TUTORIAL\ADC.X\Programa_principal.asm
                    START   0x000012    program     static D:\Electronica\PIC16F877A - TUTORIAL\ADC.X\Programa_principal.asm
                      ADC   0x000013    program     static D:\Electronica\PIC16F877A - TUTORIAL\ADC.X\Programa_principal.asm
            Retardo_400ms   0x000021    program     static D:\Electronica\PIC16F877A - TUTORIAL\ADC.X\Retardo.inc
             Retardo_20ms   0x000036    program     static D:\Electronica\PIC16F877A - TUTORIAL\ADC.X\Retardo.inc
              Retardo_5ms   0x000038    program     static D:\Electronica\PIC16F877A - TUTORIAL\ADC.X\Retardo.inc
              Retardos_ms   0x00003a    program     static D:\Electronica\PIC16F877A - TUTORIAL\ADC.X\Retardo.inc
            Retardo_Milis   0x00003b    program     static D:\Electronica\PIC16F877A - TUTORIAL\ADC.X\Retardo.inc
              BUCLE_milis   0x00003d    program     static D:\Electronica\PIC16F877A - TUTORIAL\ADC.X\Retardo.inc
              Retardo_1ms   0x000043    program     static D:\Electronica\PIC16F877A - TUTORIAL\ADC.X\Retardo.inc
            Retardo_200us   0x000048    program     static D:\Electronica\PIC16F877A - TUTORIAL\ADC.X\Retardo.inc
            Retardo_300us   0x00004a    program     static D:\Electronica\PIC16F877A - TUTORIAL\ADC.X\Retardo.inc
            Retardo_500us   0x00004c    program     static D:\Electronica\PIC16F877A - TUTORIAL\ADC.X\Retardo.inc
                 Retardos   0x00004d    program     static D:\Electronica\PIC16F877A - TUTORIAL\ADC.X\Retardo.inc
           Retardo_Micros   0x00004e    program     static D:\Electronica\PIC16F877A - TUTORIAL\ADC.X\Retardo.inc
                    BUCLE   0x000050    program     static D:\Electronica\PIC16F877A - TUTORIAL\ADC.X\Retardo.inc
            Retardo_100us   0x000055    program     static D:\Electronica\PIC16F877A - TUTORIAL\ADC.X\Retardo.inc
             Retardo_50us   0x000058    program     static D:\Electronica\PIC16F877A - TUTORIAL\ADC.X\Retardo.inc
             Retardo_20us   0x00005a    program     static D:\Electronica\PIC16F877A - TUTORIAL\ADC.X\Retardo.inc
             Retardo_10us   0x00005c    program     static D:\Electronica\PIC16F877A - TUTORIAL\ADC.X\Retardo.inc
              Retardo_5us   0x00005f    program     static D:\Electronica\PIC16F877A - TUTORIAL\ADC.X\Retardo.inc
           Retardo_micros   0x000061    program     static D:\Electronica\PIC16F877A - TUTORIAL\ADC.X\Retardo.inc
                    Bucle   0x000062    program     static D:\Electronica\PIC16F877A - TUTORIAL\ADC.X\Retardo.inc
              Retardo_1us   0x000065    program     static D:\Electronica\PIC16F877A - TUTORIAL\ADC.X\Retardo.inc


