MPLINK 5.09, LINKER
Linker Map File - Created Tue Jun 23 17:49:44 2020

                                 Section Info
                  Section       Type    Address   Location Size(Bytes)
                ---------  ---------  ---------  ---------  ---------
                   .org_0       code   0x000000    program   0x0000f6
                   .cinit    romdata   0x00007b    program   0x000004
.config_2007_BUILD/DEFAULT/PRODUCTION/PROGRAM       code   0x002007    program   0x000002



                              Program Memory Usage 
                               Start         End      
                           ---------   ---------      
                            0x000000    0x00007c      
                            0x002007    0x002007      
            126 out of 8454 program addresses used, program memory utilization is 1%



                              Symbols - Sorted by Name
                     Name    Address   Location    Storage File                     
                ---------  ---------  ---------  --------- ---------                
                      ADC   0x000022    program     static D:\Electronica\PIC16F877A - TUTORIAL\PWM_ADC.X\Programa_principal.asm
                    BUCLE   0x000064    program     static D:\Electronica\PIC16F877A - TUTORIAL\PWM_ADC.X\Retardo.inc
              BUCLE_milis   0x000051    program     static D:\Electronica\PIC16F877A - TUTORIAL\PWM_ADC.X\Retardo.inc
                    Bucle   0x000076    program     static D:\Electronica\PIC16F877A - TUTORIAL\PWM_ADC.X\Retardo.inc
                   INICIO   0x000001    program     static D:\Electronica\PIC16F877A - TUTORIAL\PWM_ADC.X\Programa_principal.asm
            Retardo_100us   0x000069    program     static D:\Electronica\PIC16F877A - TUTORIAL\PWM_ADC.X\Retardo.inc
             Retardo_10us   0x000070    program     static D:\Electronica\PIC16F877A - TUTORIAL\PWM_ADC.X\Retardo.inc
              Retardo_1ms   0x000057    program     static D:\Electronica\PIC16F877A - TUTORIAL\PWM_ADC.X\Retardo.inc
              Retardo_1us   0x000079    program     static D:\Electronica\PIC16F877A - TUTORIAL\PWM_ADC.X\Retardo.inc
            Retardo_200us   0x00005c    program     static D:\Electronica\PIC16F877A - TUTORIAL\PWM_ADC.X\Retardo.inc
             Retardo_20ms   0x00004a    program     static D:\Electronica\PIC16F877A - TUTORIAL\PWM_ADC.X\Retardo.inc
             Retardo_20us   0x00006e    program     static D:\Electronica\PIC16F877A - TUTORIAL\PWM_ADC.X\Retardo.inc
            Retardo_300us   0x00005e    program     static D:\Electronica\PIC16F877A - TUTORIAL\PWM_ADC.X\Retardo.inc
            Retardo_400ms   0x000035    program     static D:\Electronica\PIC16F877A - TUTORIAL\PWM_ADC.X\Retardo.inc
            Retardo_500us   0x000060    program     static D:\Electronica\PIC16F877A - TUTORIAL\PWM_ADC.X\Retardo.inc
             Retardo_50us   0x00006c    program     static D:\Electronica\PIC16F877A - TUTORIAL\PWM_ADC.X\Retardo.inc
              Retardo_5ms   0x00004c    program     static D:\Electronica\PIC16F877A - TUTORIAL\PWM_ADC.X\Retardo.inc
              Retardo_5us   0x000073    program     static D:\Electronica\PIC16F877A - TUTORIAL\PWM_ADC.X\Retardo.inc
           Retardo_Micros   0x000062    program     static D:\Electronica\PIC16F877A - TUTORIAL\PWM_ADC.X\Retardo.inc
            Retardo_Milis   0x00004f    program     static D:\Electronica\PIC16F877A - TUTORIAL\PWM_ADC.X\Retardo.inc
           Retardo_micros   0x000075    program     static D:\Electronica\PIC16F877A - TUTORIAL\PWM_ADC.X\Retardo.inc
                 Retardos   0x000061    program     static D:\Electronica\PIC16F877A - TUTORIAL\PWM_ADC.X\Retardo.inc
              Retardos_ms   0x00004e    program     static D:\Electronica\PIC16F877A - TUTORIAL\PWM_ADC.X\Retardo.inc
                    START   0x000021    program     static D:\Electronica\PIC16F877A - TUTORIAL\PWM_ADC.X\Programa_principal.asm



                              Symbols - Sorted by Address
                     Name    Address   Location    Storage File                     
                ---------  ---------  ---------  --------- ---------                
                   INICIO   0x000001    program     static D:\Electronica\PIC16F877A - TUTORIAL\PWM_ADC.X\Programa_principal.asm
                    START   0x000021    program     static D:\Electronica\PIC16F877A - TUTORIAL\PWM_ADC.X\Programa_principal.asm
                      ADC   0x000022    program     static D:\Electronica\PIC16F877A - TUTORIAL\PWM_ADC.X\Programa_principal.asm
            Retardo_400ms   0x000035    program     static D:\Electronica\PIC16F877A - TUTORIAL\PWM_ADC.X\Retardo.inc
             Retardo_20ms   0x00004a    program     static D:\Electronica\PIC16F877A - TUTORIAL\PWM_ADC.X\Retardo.inc
              Retardo_5ms   0x00004c    program     static D:\Electronica\PIC16F877A - TUTORIAL\PWM_ADC.X\Retardo.inc
              Retardos_ms   0x00004e    program     static D:\Electronica\PIC16F877A - TUTORIAL\PWM_ADC.X\Retardo.inc
            Retardo_Milis   0x00004f    program     static D:\Electronica\PIC16F877A - TUTORIAL\PWM_ADC.X\Retardo.inc
              BUCLE_milis   0x000051    program     static D:\Electronica\PIC16F877A - TUTORIAL\PWM_ADC.X\Retardo.inc
              Retardo_1ms   0x000057    program     static D:\Electronica\PIC16F877A - TUTORIAL\PWM_ADC.X\Retardo.inc
            Retardo_200us   0x00005c    program     static D:\Electronica\PIC16F877A - TUTORIAL\PWM_ADC.X\Retardo.inc
            Retardo_300us   0x00005e    program     static D:\Electronica\PIC16F877A - TUTORIAL\PWM_ADC.X\Retardo.inc
            Retardo_500us   0x000060    program     static D:\Electronica\PIC16F877A - TUTORIAL\PWM_ADC.X\Retardo.inc
                 Retardos   0x000061    program     static D:\Electronica\PIC16F877A - TUTORIAL\PWM_ADC.X\Retardo.inc
           Retardo_Micros   0x000062    program     static D:\Electronica\PIC16F877A - TUTORIAL\PWM_ADC.X\Retardo.inc
                    BUCLE   0x000064    program     static D:\Electronica\PIC16F877A - TUTORIAL\PWM_ADC.X\Retardo.inc
            Retardo_100us   0x000069    program     static D:\Electronica\PIC16F877A - TUTORIAL\PWM_ADC.X\Retardo.inc
             Retardo_50us   0x00006c    program     static D:\Electronica\PIC16F877A - TUTORIAL\PWM_ADC.X\Retardo.inc
             Retardo_20us   0x00006e    program     static D:\Electronica\PIC16F877A - TUTORIAL\PWM_ADC.X\Retardo.inc
             Retardo_10us   0x000070    program     static D:\Electronica\PIC16F877A - TUTORIAL\PWM_ADC.X\Retardo.inc
              Retardo_5us   0x000073    program     static D:\Electronica\PIC16F877A - TUTORIAL\PWM_ADC.X\Retardo.inc
           Retardo_micros   0x000075    program     static D:\Electronica\PIC16F877A - TUTORIAL\PWM_ADC.X\Retardo.inc
                    Bucle   0x000076    program     static D:\Electronica\PIC16F877A - TUTORIAL\PWM_ADC.X\Retardo.inc
              Retardo_1us   0x000079    program     static D:\Electronica\PIC16F877A - TUTORIAL\PWM_ADC.X\Retardo.inc


