MPLINK 5.09, LINKER
Linker Map File - Created Sun Jan 05 12:47:58 2020

                                 Section Info
                  Section       Type    Address   Location Size(Bytes)
                ---------  ---------  ---------  ---------  ---------
                   .org_0       code   0x000000    program   0x000038
                   .cinit    romdata   0x00001c    program   0x000004
.config_2007_BUILD/DEFAULT/DEBUG/PROGRAMA_PRI       code   0x002007    program   0x000002



                              Program Memory Usage 
                               Start         End      
                           ---------   ---------      
                            0x000000    0x00001d      
                            0x002007    0x002007      
            31 out of 8454 program addresses used, program memory utilization is 0%



                              Symbols - Sorted by Name
                     Name    Address   Location    Storage File                     
                ---------  ---------  ---------  --------- ---------                
                    BUCLE   0x000019    program     static D:\Electronica\PIC16F877A - TUTORIAL\Retardos_Parte1.X\Programa_principal.asm
                   INICIO   0x000000    program     static D:\Electronica\PIC16F877A - TUTORIAL\Retardos_Parte1.X\Programa_principal.asm
          RETARDOS_MICROS   0x000018    program     static D:\Electronica\PIC16F877A - TUTORIAL\Retardos_Parte1.X\Programa_principal.asm
            Retardo_100us   0x000013    program     static D:\Electronica\PIC16F877A - TUTORIAL\Retardos_Parte1.X\Programa_principal.asm
             Retardo_10us   0x00000c    program     static D:\Electronica\PIC16F877A - TUTORIAL\Retardos_Parte1.X\Programa_principal.asm
              Retardo_1us   0x00000a    program     static D:\Electronica\PIC16F877A - TUTORIAL\Retardos_Parte1.X\Programa_principal.asm
             Retardo_20us   0x00000f    program     static D:\Electronica\PIC16F877A - TUTORIAL\Retardos_Parte1.X\Programa_principal.asm
             Retardo_50us   0x000011    program     static D:\Electronica\PIC16F877A - TUTORIAL\Retardos_Parte1.X\Programa_principal.asm
              Retardo_5us   0x000016    program     static D:\Electronica\PIC16F877A - TUTORIAL\Retardos_Parte1.X\Programa_principal.asm
                    START   0x000005    program     static D:\Electronica\PIC16F877A - TUTORIAL\Retardos_Parte1.X\Programa_principal.asm



                              Symbols - Sorted by Address
                     Name    Address   Location    Storage File                     
                ---------  ---------  ---------  --------- ---------                
                   INICIO   0x000000    program     static D:\Electronica\PIC16F877A - TUTORIAL\Retardos_Parte1.X\Programa_principal.asm
                    START   0x000005    program     static D:\Electronica\PIC16F877A - TUTORIAL\Retardos_Parte1.X\Programa_principal.asm
              Retardo_1us   0x00000a    program     static D:\Electronica\PIC16F877A - TUTORIAL\Retardos_Parte1.X\Programa_principal.asm
             Retardo_10us   0x00000c    program     static D:\Electronica\PIC16F877A - TUTORIAL\Retardos_Parte1.X\Programa_principal.asm
             Retardo_20us   0x00000f    program     static D:\Electronica\PIC16F877A - TUTORIAL\Retardos_Parte1.X\Programa_principal.asm
             Retardo_50us   0x000011    program     static D:\Electronica\PIC16F877A - TUTORIAL\Retardos_Parte1.X\Programa_principal.asm
            Retardo_100us   0x000013    program     static D:\Electronica\PIC16F877A - TUTORIAL\Retardos_Parte1.X\Programa_principal.asm
              Retardo_5us   0x000016    program     static D:\Electronica\PIC16F877A - TUTORIAL\Retardos_Parte1.X\Programa_principal.asm
          RETARDOS_MICROS   0x000018    program     static D:\Electronica\PIC16F877A - TUTORIAL\Retardos_Parte1.X\Programa_principal.asm
                    BUCLE   0x000019    program     static D:\Electronica\PIC16F877A - TUTORIAL\Retardos_Parte1.X\Programa_principal.asm


